[backblue.gif]
[fade.gif]
[index.html]
[www.guyswanson.com/graphics/fence2.jpg]
[www.guyswanson.com/graphics/masthead4.jpg]
[www.guyswanson.com/graphics/guyswanson.png]
[www.guyswanson.com/graphics/welcome.png]
[guyswanson.com/HomePage.html]
[www.guyswanson.com/photogal.css]
[www.guyswanson.com/graphics/5133.jpg]
[www.guyswanson.com/graphics/concretebg.jpg]
[www.guyswanson.com/graphics/masthead2.jpg]
[www.guyswanson.com/graphics/3724.jpg]
[www.guyswanson.com/About.html]
[www.guyswanson.com/graphics/5100.jpg]
[www.guyswanson.com/WhatTheySay.html]
[www.guyswanson.com/WheretoBuy.html]
[www.northwestmall.com/security/images/image5604.jpg]
[www.guyswanson.com/MailingListSignup.html]
[www.guyswanson.com/graphics/4017.jpg]
[www.guyswanson.com/graphics/4014.jpg]
[www.guyswanson.com/3RiversArticles.html]
[www.guyswanson.com/graphics/4904.jpg]
[www.guyswanson.com/graphics/4889.jpg]
[www.guyswanson.com/graphics/4890.jpg]
[www.guyswanson.com/graphics/4891.jpg]
[www.guyswanson.com/graphics/4892.jpg]
[www.guyswanson.com/graphics/4893.jpg]
[www.guyswanson.com/graphics/4894.jpg]
[www.guyswanson.com/graphics/4895.jpg]
[www.guyswanson.com/graphics/4903.jpg]
[www.guyswanson.com/graphics/4897.jpg]
[www.guyswanson.com/graphics/4898.jpg]
[www.guyswanson.com/graphics/4899.jpg]
[www.guyswanson.com/graphics/4900.jpg]
[www.guyswanson.com/graphics/4901.jpg]
[www.guyswanson.com/DepressionEraPhotographs.html]
[www.guyswanson.com/graphics/masthead5.jpg]
[www.guyswanson.com/graphics/4982.gif]
[www.guyswanson.com/graphics/5101.jpg]
[www.guyswanson.com/graphics/5082.jpg]
[www.guyswanson.com/graphics/5021.jpg]
[www.guyswanson.com/graphics/5022.jpg]
[www.guyswanson.com/graphics/5042.jpg]
[www.guyswanson.com/graphics/5045.jpg]
[www.guyswanson.com/DispatchesfromtheDrySide.html]
[www.guyswanson.com/graphics/5034.jpg]
[www.guyswanson.com/graphics/menubg.jpg]
[www.guyswanson.com/CareerSummary.html]
[www.guyswanson.com/graphics/4827.jpg]
[www.guyswanson.com/graphics/3356.jpg]
[www.guyswanson.com/graphics/3359.jpg]
[www.guyswanson.com/graphics/3357.jpg]
[www.guyswanson.com/graphics/3363.jpg]
[www.guyswanson.com/graphics/3365.jpg]
[www.guyswanson.com/graphics/3367.jpg]
[www.guyswanson.com/graphics/3368.jpg]
[www.guyswanson.com/graphics/3387.jpg]
[www.guyswanson.com/MyStory.html]
[www.guyswanson.com/graphics/3904.jpg]
[www.guyswanson.com/SendMeanemail.html]
[www.guyswanson.com/graphics/3905.JPG]
[www.guyswanson.com/Search.html]
[www.guyswanson.com/graphics/4868.jpg]
[www.guyswanson.com/TheStoryofHopeNance.html]
[www.guyswanson.com/graphics/4842.jpg]
[www.guyswanson.com/graphics/4847.jpg]
[www.guyswanson.com/graphics/4838.jpg]
[www.guyswanson.com/JohnCFremontKitCarsonandBillyChinook.html]
[www.guyswanson.com/graphics/4954.jpg]
[www.guyswanson.com/TheIllFatedCattleDriveof1880.html]
[www.guyswanson.com/graphics/4870.jpg]
[www.guyswanson.com/BootleggersoftheMetolius.html]
[www.guyswanson.com/CovePalisadesPark.html]
[www.guyswanson.com/graphics/4485.jpg]
[www.guyswanson.com/graphics/4487.jpg]
[www.guyswanson.com/graphics/4488.jpg]
[www.guyswanson.com/graphics/4490.jpg]
[www.guyswanson.com/graphics/4491.jpg]
[www.guyswanson.com/graphics/4494.jpg]
[www.guyswanson.com/graphics/4536.bmp]
[www.guyswanson.com/graphics/4537.jpg]
[www.guyswanson.com/TheAgateJeffersonCountyHistoricalSociety.html]
[www.guyswanson.com/graphics/4874.jpg]
[www.guyswanson.com/3RiversRanchThestoryofHarryHeising.html]
[www.guyswanson.com/graphics/4902.JPG]
[www.guyswanson.com/graphics/4884.JPG]
[www.guyswanson.com/83433.jpg]
[www.guyswanson.com/graphics/4943.jpg]
[www.guyswanson.com/graphics/4944.jpg]
[www.guyswanson.com/graphics/4853.jpg]
[www.guyswanson.com/graphics/4854.jpg]
[www.guyswanson.com/graphics/4855.jpg]
[www.guyswanson.com/graphics/4856.jpg]
[www.guyswanson.com/graphics/4948.jpg]
[www.guyswanson.com/graphics/4859.jpg]
[www.guyswanson.com/graphics/5070.jpg]
[www.guyswanson.com/graphics/5068.jpg]
[www.guyswanson.com/graphics/5071.jpg]
[www.guyswanson.com/graphics/4861.jpg]
[www.guyswanson.com/graphics/4864.jpg]
[www.guyswanson.com/graphics/4953.jpg]
[www.guyswanson.com/graphics/4952.jpg]
[www.guyswanson.com/graphics/4955.jpg]
[www.guyswanson.com/graphics/4956.jpg]
[www.guyswanson.com/graphics/4968.jpg]
[www.guyswanson.com/graphics/4865.jpg]
[www.guyswanson.com/graphics/4866.jpg]
[www.guyswanson.com/PhotosforPress.html]
[www.guyswanson.com/graphics/3989.jpg]
[www.guyswanson.com/graphics/3991.bmp]
[www.guyswanson.com/graphics/4111.jpg]
[www.guyswanson.com/graphics/3981.jpg]
[www.guyswanson.com/graphics/3983.jpg]
[www.guyswanson.com/graphics/3984.jpg]
[www.guyswanson.com/graphics/4135.jpg]
[www.guyswanson.com/graphics/4136.jpg]
[www.guyswanson.com/graphics/3986.jpg]
[www.guyswanson.com/graphics/3992.jpg]
[www.guyswanson.com/graphics/4112.jpg]
[www.guyswanson.com/graphics/4317.jpg]
[www.guyswanson.com/graphics/4165.jpg]
[www.guyswanson.com/graphics/4166.jpg]
[www.guyswanson.com/graphics/4164.jpg]
[www.guyswanson.com/graphics/4163.jpg]
[www.guyswanson.com/graphics/3990.jpg]
[www.guyswanson.com/graphics/4113.jpg]
[www.guyswanson.com/graphics/3994.jpg]
[www.guyswanson.com/graphics/4115.jpg]
[www.guyswanson.com/graphics/4117.jpg]
[www.guyswanson.com/graphics/4118.jpg]
[www.guyswanson.com/graphics/4119.jpg]
[www.guyswanson.com/graphics/3995.jpg]
[www.guyswanson.com/graphics/4562.jpg]
[www.guyswanson.com/graphics/4867.jpg]
[www.guyswanson.com/PhotosoftheProject.html]
[www.guyswanson.com/graphics/masthead1.jpg]
[www.guyswanson.com/graphics/4843.jpg]
[www.guyswanson.com/graphics/4845.jpg]
[www.guyswanson.com/FindingHopeAHomesteadersStory.html]
[www.guyswanson.com/NoWaterforGrandview.html]
[www.guyswanson.com/graphics/4873.JPG]
[www.guyswanson.com/graphics/masthead3.jpg]
[www.guyswanson.com/graphics/4880.jpg]
[www.guyswanson.com/ThestoryofHarryHeising.html]
[www.guyswanson.com/TheStoryofBillyChinook.html]
[www.guyswanson.com/graphics/4850.JPG]
[www.guyswanson.com/WhoShotYa.html]
[www.guyswanson.com/graphics/4846.jpg]
